
> shoes-review-site@0.1.0 build
> prisma generate && next build

Environment variables loaded from .env
Prisma schema loaded from prisma\schema.prisma

笨・Generated Prisma Client (v5.11.0) to .\node_modules\.pnpm\@prisma+client@5.11.0_prisma@5.11.0\node_modules\@prisma\client in 1.19s

Start using Prisma Client in Node.js (See: https://pris.ly/d/client)
```
import { PrismaClient } from '@prisma/client'
const prisma = new PrismaClient()
```
or start using Prisma Client at the edge (See: https://pris.ly/d/accelerate)
```
import { PrismaClient } from '@prisma/client/edge'
const prisma = new PrismaClient()
```

See other ways of importing Prisma Client: http://pris.ly/d/importing-client

笏娯楳笏笏笏笏笏笏笏笏笏笏笏笏笏笏笏笏笏笏笏笏笏笏笏笏笏笏笏笏笏笏笏笏笏笏笏笏笏笏笏笏笏笏笏笏笏笏笏笏笏笏笏笏笏笏笏笏笏笏笏笏笏・笏・ Deploying your app to serverless or edge functions?        笏・笏・ Try Prisma Accelerate for connection pooling and caching.  笏・笏・ https://pris.ly/cli/accelerate                             笏・笏披楳笏笏笏笏笏笏笏笏笏笏笏笏笏笏笏笏笏笏笏笏笏笏笏笏笏笏笏笏笏笏笏笏笏笏笏笏笏笏笏笏笏笏笏笏笏笏笏笏笏笏笏笏笏笏笏笏笏笏笏笏笏・
  笆ｲ Next.js 14.2.0
  - Environments: .env

   Creating an optimized production build ...
node.exe :  笞 Compil
ed with warnings
発生場所 行:1 文字:1
+ & "C:\Program Files
\nodejs/node.exe" "C:
\Users\yuki0\AppData\
Roaming\ ...
+ ~~~~~~~~~~~~~~~~~~~
~~~~~~~~~~~~~~~~~~~~~
~~~~~~~~~~~~~~~~~~~~~
~~~~~~~~
    + CategoryInfo   
           : NotSpe  
  cified: ( 笞 Com   
 piled with warni    
ngs:String) [],     R
emoteException
    + FullyQualified 
   ErrorId : Native  
  CommandError
 

./src/app/(main)/abou
t/page.tsx
Attempted import erro
r: 'generateAboutPage
Schema' is not export
ed from '@/lib/seo/st
ructured-data' (impor
ted as 'generateAbout
PageSchema').

Import trace for requ
ested module:
./src/app/(main)/abou
t/page.tsx

./src/app/(main)/abou
t/page.tsx
Attempted import erro
r: 'combineSchemas' i
s not exported from '
@/lib/seo/structured-
data' (imported as 'c
ombineSchemas').

Import trace for requ
ested module:
./src/app/(main)/abou
t/page.tsx

./src/app/(main)/faq/
page.tsx
Attempted import erro
r: 'combineSchemas' i
s not exported from '
@/lib/seo/structured-
data' (imported as 'c
ombineSchemas').

Import trace for requ
ested module:
./src/app/(main)/faq/
page.tsx

./src/app/(main)/shoe
s/[id]/page.tsx
Attempted import erro
r: 'combineSchemas' i
s not exported from '
@/lib/seo/structured-
data' (imported as 'c
ombineSchemas').

Import trace for requ
ested module:
./src/app/(main)/shoe
s/[id]/page.tsx

./src/app/layout.tsx
Attempted import erro
r: 'combineSchemas' i
s not exported from '
@/lib/seo/structured-
data' (imported as 'c
ombineSchemas').

Import trace for requ
ested module:
./src/app/layout.tsx

   Linting and checking validity of types ...
