
> shoes-review-site@0.1.0 build
> prisma generate && next build

Environment variables loaded from .env
Prisma schema loaded from prisma\schema.prisma

笨・Generated Prisma Client (v5.11.0) to .\node_modules\.pnpm\@prisma+client@5.11.0_prisma@5.11.0\node_modules\@prisma\client in 544ms

Start using Prisma Client in Node.js (See: https://pris.ly/d/client)
```
import { PrismaClient } from '@prisma/client'
const prisma = new PrismaClient()
```
or start using Prisma Client at the edge (See: https://pris.ly/d/accelerate)
```
import { PrismaClient } from '@prisma/client/edge'
const prisma = new PrismaClient()
```

See other ways of importing Prisma Client: http://pris.ly/d/importing-client

笏娯楳笏笏笏笏笏笏笏笏笏笏笏笏笏笏笏笏笏笏笏笏笏笏笏笏笏笏笏笏笏笏笏笏笏笏笏笏笏笏笏笏笏笏笏笏笏笏笏笏笏笏笏笏笏笏笏笏笏笏笏笏笏・笏・ Deploying your app to serverless or edge functions?        笏・笏・ Try Prisma Accelerate for connection pooling and caching.  笏・笏・ https://pris.ly/cli/accelerate                             笏・笏披楳笏笏笏笏笏笏笏笏笏笏笏笏笏笏笏笏笏笏笏笏笏笏笏笏笏笏笏笏笏笏笏笏笏笏笏笏笏笏笏笏笏笏笏笏笏笏笏笏笏笏笏笏笏笏笏笏笏笏笏笏笏・
  笆ｲ Next.js 14.2.0
  - Environments: .env

   Creating an optimized production build ...
 笨・Compiled successfully
   Linting and checking validity of types ...
node.exe : Failed to compile.
発生場所 行:1 文字:1
+ & "C:\Program Files\nodejs/node.exe" "C:\Users\yuki0\AppData\Roaming\ ...
+ ~~~~~~~~~~~~~~~~~~~~~~~~~~~~~~~~~~~~~~~~~~~~~~~~~~~~~~~~~~~~~~~~~~~~~
    + CategoryInfo          : NotSpecified: (Failed to compile.:String) [], RemoteException
    + FullyQualifiedErrorId : NativeCommandError
 

./src/app/(main)/reviews/[id]/page.tsx:335:40
Type error: Property 'createdAt' does not exist on type '{ shoe: { id: string; brand: string; modelName: string; catego
ry: string; releaseYear: number | null; officialPrice: number | null; }; user: { id: string; username: string; displayN
ame: string; avatarUrl: string | null; } | null; aiSources: { ...; }[]; _count: { ...; }; } & { ...; }'.

[0m [90m 333 |[39m                   [33m<[39m[33m/[39m[33mdiv[39m[33m>[39m[0m
[0m [90m 334 |[39m                   [33m<[39m[33mdiv[39m className[33m=[39m[32m"text-sm text-gray-500"[39m
[33m>[39m[0m
[0m[31m[1m>[22m[39m[90m 335 |[39m                     {formatDate(review[33m.[39mcreatedAt)}[0m
[0m [90m     |[39m                                        [31m[1m^[22m[39m[0m
[0m [90m 336 |[39m                     {review[33m.[39mupdatedAt[33m.[39mgetTime() [33m!==[39m review[33m.[3
9mcreatedAt[33m.[39mgetTime() [33m&&[39m ([0m
[0m [90m 337 |[39m                       [33m<[39m[33mspan[39m className[33m=[39m[32m"ml-2"[39m[33m>[39m(譖
ｴ譁ｰ貂医∩)[33m<[39m[33m/[39m[33mspan[39m[33m>[39m[0m
[0m [90m 338 |[39m                     )}[0m
