src/app/(main)/about/page.tsx(2,10): error TS2305: Module '"@/lib/seo/structured-data"' has no exported member 'generateAboutPageSchema'.
src/app/(main)/about/page.tsx(2,61): error TS2305: Module '"@/lib/seo/structured-data"' has no exported member 'combineSchemas'.
src/app/(main)/faq/page.tsx(2,55): error TS2305: Module '"@/lib/seo/structured-data"' has no exported member 'combineSchemas'.
src/app/(main)/shoes/[id]/page.tsx(10,59): error TS2305: Module '"@/lib/seo/structured-data"' has no exported member 'combineSchemas'.
src/app/layout.tsx(7,61): error TS2305: Module '"@/lib/seo/structured-data"' has no exported member 'combineSchemas'.
